2026-08-16 10:34:50,361 - INFO - df.shape = (284807, 31)
2026-08-16 10:34:50,361 - INFO - Number of Rows: 284807
2026-08-16 10:34:50,362 - INFO - Number of Columns [Features + Target]: 31
2026-08-16 10:34:50,362 - INFO - DataFrame info:

2026-08-16 10:34:50,452 - INFO - None
2026-08-16 10:34:50,452 - INFO - Counts of each class
2026-08-16 10:34:50,457 - INFO - Class
0    284315
1       492
Name: count, dtype: int64
2026-08-16 10:34:50,463 - INFO - Percent of fraud data: %0.17
2026-08-16 10:34:50,463 - INFO - Feature Names: Index(['Time', 'V1', 'V2', 'V3', 'V4', 'V5', 'V6', 'V7', 'V8', 'V9', 'V10',
       'V11', 'V12', 'V13', 'V14', 'V15', 'V16', 'V17', 'V18', 'V19', 'V20',
       'V21', 'V22', 'V23', 'V24', 'V25', 'V26', 'V27', 'V28', 'Amount'],
      dtype='object')
2026-08-16 10:34:50,492 - INFO - There is no missing value
2026-08-16 10:34:51,907 - INFO - From 284807 samples, there are 1854 duplicates.
2026-08-16 10:34:54,399 - INFO - From 283726 samples, there are 0 duplicates.
2026-08-16 10:34:54,423 - INFO - All columns are numeric
2026-08-16 10:34:55,035 - INFO -                 Time             V1             V2             V3             V4  ...            V26            V27            V28         Amount          Class
count  283726.000000  283726.000000  283726.000000  283726.000000  283726.000000  ...  283726.000000  283726.000000  283726.000000  283726.000000  283726.000000
mean    94811.077600       0.005917      -0.004135       0.001613      -0.002966  ...       0.000149       0.001763       0.000547      88.472687       0.001667
std     47481.047891       1.948026       1.646703       1.508682       1.414184  ...       0.482053       0.395744       0.328027     250.399437       0.040796
min         0.000000     -56.407510     -72.715728     -48.325589      -5.683171  ...      -2.604551     -22.565679     -15.430084       0.000000       0.000000
25%     54204.750000      -0.915951      -0.600321      -0.889682      -0.850134  ...      -0.326763      -0.070641      -0.052818       5.600000       0.000000
50%     84692.500000       0.020384       0.063949       0.179963      -0.022248  ...      -0.052172       0.001479       0.011288      22.000000       0.000000
75%    139298.000000       1.316068       0.800283       1.026960       0.739647  ...       0.240261       0.091208       0.078276      77.510000       0.000000
max    172792.000000       2.454930      22.057729       9.382558      16.875344  ...       3.517346      31.612198      33.847808   25691.160000       1.000000

[8 rows x 31 columns]
