2026-08-16 12:54:00,219 - INFO - Best parameters for dt1: {'class_weight': None, 'max_depth': 5, 'max_features': None, 'min_samples_split': 2}
2026-08-16 12:54:00,220 - INFO - Accuracy : 0.9995
2026-08-16 12:54:00,220 - INFO - Precision: 0.9074
2026-08-16 12:54:00,220 - INFO - Recall   : 0.7698
2026-08-16 12:54:00,220 - INFO - F1       : 0.8324
2026-08-16 12:54:00,220 - INFO - ROC-AUC  : 0.8856
2026-08-16 12:54:00,220 - INFO - PR-AUC   : 0.7460
2026-08-16 12:54:00,534 - INFO - *********************Test Metrics*********************
2026-08-16 12:54:00,534 - INFO - Accuracy : 0.9993
2026-08-16 12:54:00,538 - INFO - Precision: 0.8816
2026-08-16 12:54:00,540 - INFO - Recall   : 0.7053
2026-08-16 12:54:00,543 - INFO - F1       : 0.7836
2026-08-16 12:54:00,548 - INFO - ROC-AUC  : 0.9060
2026-08-16 12:54:00,550 - INFO - PR-AUC   : 0.6416
2026-08-16 12:59:50,638 - INFO - Best parameters for dt2: {'class_weight': None, 'max_depth': 5, 'max_features': None, 'min_samples_split': 2}
2026-08-16 12:59:50,638 - INFO - Accuracy : 0.9995
2026-08-16 12:59:50,638 - INFO - Precision: 0.8952
2026-08-16 12:59:50,638 - INFO - Recall   : 0.7778
2026-08-16 12:59:50,638 - INFO - F1       : 0.8314
2026-08-16 12:59:50,638 - INFO - ROC-AUC  : 0.8935
2026-08-16 12:59:50,638 - INFO - PR-AUC   : 0.7413
2026-08-16 12:59:50,877 - INFO - *********************Test Metrics*********************
2026-08-16 12:59:50,877 - INFO - Accuracy : 0.9994
2026-08-16 12:59:50,880 - INFO - Precision: 0.9041
2026-08-16 12:59:50,883 - INFO - Recall   : 0.6947
2026-08-16 12:59:50,885 - INFO - F1       : 0.7857
2026-08-16 12:59:50,889 - INFO - ROC-AUC  : 0.8955
2026-08-16 12:59:50,891 - INFO - PR-AUC   : 0.6623
