2026-08-16 11:25:17,022 - INFO - Best parameters for knn1: {'n_neighbors': 9, 'p': 1, 'weights': 'distance'}
2026-08-16 11:25:17,026 - INFO - Accuracy : 0.9995
2026-08-16 11:25:17,027 - INFO - Precision: 0.9236
2026-08-16 11:25:17,027 - INFO - Recall   : 0.7726
2026-08-16 11:25:17,027 - INFO - F1       : 0.8397
2026-08-16 11:25:17,027 - INFO - ROC-AUC  : 0.9258
2026-08-16 11:25:17,027 - INFO - PR-AUC   : 0.8170
2026-08-16 11:28:44,599 - INFO - *********************Test Metrics*********************
2026-08-16 11:28:44,602 - INFO - Accuracy : 0.9995
2026-08-16 11:28:44,611 - INFO - Precision: 0.9571
2026-08-16 11:28:44,619 - INFO - Recall   : 0.7053
2026-08-16 11:28:44,627 - INFO - F1       : 0.8121
2026-08-16 11:28:44,639 - INFO - ROC-AUC  : 0.9051
2026-08-16 11:28:44,645 - INFO - PR-AUC   : 0.7892
2026-08-16 12:19:44,123 - INFO - Best parameters for knn2: {'n_neighbors': 7, 'p': 1, 'weights': 'distance'}
2026-08-16 12:19:44,123 - INFO - Accuracy : 0.9995
2026-08-16 12:19:44,123 - INFO - Precision: 0.9236
2026-08-16 12:19:44,123 - INFO - Recall   : 0.7699
2026-08-16 12:19:44,123 - INFO - F1       : 0.8380
2026-08-16 12:19:44,123 - INFO - ROC-AUC  : 0.9218
2026-08-16 12:19:44,123 - INFO - PR-AUC   : 0.8142
2026-08-16 12:21:20,659 - INFO - *********************Test Metrics*********************
2026-08-16 12:21:20,662 - INFO - Accuracy : 0.9995
2026-08-16 12:21:20,668 - INFO - Precision: 0.9571
2026-08-16 12:21:20,674 - INFO - Recall   : 0.7053
2026-08-16 12:21:20,679 - INFO - F1       : 0.8121
2026-08-16 12:21:20,686 - INFO - ROC-AUC  : 0.8998
2026-08-16 12:21:20,690 - INFO - PR-AUC   : 0.7855
