2026-08-16 10:37:03,373 - INFO - Best parameters for log_regr1: {'C': 1, 'class_weight': {0: 1, 1: 5}}
2026-08-16 10:37:03,374 - INFO - Accuracy : 0.9993
2026-08-16 10:37:03,374 - INFO - Precision: 0.7870
2026-08-16 10:37:03,374 - INFO - Recall   : 0.7989
2026-08-16 10:37:03,374 - INFO - F1       : 0.7917
2026-08-16 10:37:03,375 - INFO - ROC-AUC  : 0.9815
2026-08-16 10:37:03,375 - INFO - PR-AUC   : 0.7625
2026-08-16 10:37:03,988 - INFO - *********************Test Metrics*********************
2026-08-16 10:37:03,991 - INFO - Accuracy : 0.9993
2026-08-16 10:37:03,998 - INFO - Precision: 0.8256
2026-08-16 10:37:04,003 - INFO - Recall   : 0.7474
2026-08-16 10:37:04,010 - INFO - F1       : 0.7845
2026-08-16 10:37:04,026 - INFO - ROC-AUC  : 0.9627
2026-08-16 10:37:04,040 - INFO - PR-AUC   : 0.7004
2026-08-16 10:37:31,401 - INFO - Best parameters for log_regr2: {'C': 10, 'class_weight': {0: 1, 1: 5}}
2026-08-16 10:37:31,401 - INFO - Accuracy : 0.9993
2026-08-16 10:37:31,401 - INFO - Precision: 0.7867
2026-08-16 10:37:31,403 - INFO - Recall   : 0.7989
2026-08-16 10:37:31,403 - INFO - F1       : 0.7919
2026-08-16 10:37:31,403 - INFO - ROC-AUC  : 0.9812
2026-08-16 10:37:31,404 - INFO - PR-AUC   : 0.7598
2026-08-16 10:37:31,807 - INFO - *********************Test Metrics*********************
2026-08-16 10:37:31,808 - INFO - Accuracy : 0.9993
2026-08-16 10:37:31,815 - INFO - Precision: 0.8256
2026-08-16 10:37:31,821 - INFO - Recall   : 0.7474
2026-08-16 10:37:31,827 - INFO - F1       : 0.7845
2026-08-16 10:37:31,844 - INFO - ROC-AUC  : 0.9690
2026-08-16 10:37:31,859 - INFO - PR-AUC   : 0.7046
